// Jest Snapshot v1, https://goo.gl/fbAQLP

exports[`sets JSON as inline AST 1`] = `
Object {
  "data": Object {
    "createPerson": Object {
      "person": Object {
        "config": Object {
          "baz": Object {
            "0": 1,
            "1": null,
            "2": 1.2,
          },
          "foo": "bar",
        },
      },
    },
  },
}
`;
